WebpackBundle {
  "chunks": [
    WebpackChunk {
      "chunkIds": [
        "1",
      ],
      "entryIds": [],
      "modules": Map {
        "0" => WebpackModule {
          "ast": ,
          "externalModule": undefined,
          "id": "0",
          "imports": Set {},
          "isEntry": false,
          "path": "0.js",
        },
      },
    },
  ],
  "entryId": "",
  "modules": Map {
    "0" => WebpackModule {
      "ast": ,
      "externalModule": undefined,
      "id": "0",
      "imports": Set {},
      "isEntry": false,
      "path": "0.js",
    },
  },
  "type": "webpack",
}