WebpackBundle {
  "chunks": [
    WebpackChunk {
      "chunkIds": [],
      "entryIds": [],
      "modules": Map {
        "0" => WebpackModule {
          "ast": import * as json from "./1.json";
console.log(json);,
          "externalModule": undefined,
          "id": "0",
          "imports": Set {
            "1",
          },
          "isEntry": false,
          "path": "0.js",
        },
        "1" => WebpackModule {
          "ast": module.exports = {
  foo: "bar"
};,
          "externalModule": undefined,
          "id": "1",
          "imports": Set {},
          "isEntry": false,
          "path": "1.json",
        },
      },
    },
  ],
  "entryId": "",
  "modules": Map {
    "0" => WebpackModule {
      "ast": import * as json from "./1.json";
console.log(json);,
      "externalModule": undefined,
      "id": "0",
      "imports": Set {
        "1",
      },
      "isEntry": false,
      "path": "0.js",
    },
    "1" => WebpackModule {
      "ast": module.exports = {
  foo: "bar"
};,
      "externalModule": undefined,
      "id": "1",
      "imports": Set {},
      "isEntry": false,
      "path": "1.json",
    },
  },
  "type": "webpack",
}