WebpackBundle {
  "entryId": "2",
  "modules": Map {
    "2" => WebpackModule {
      "ast": const lib = require("./3.js");
console.log(lib);
const _0x8da276 = __webpack_require__(__webpack_require__.ab + "build/Release/spdlog.node");,
      "id": "2",
      "isEntry": true,
      "path": "./index.js",
    },
    "3" => WebpackModule {
      "ast": module.exports = 'foo';,
      "id": "3",
      "isEntry": false,
      "path": "./3.js",
    },
  },
  "type": "webpack",
}