WebpackBundle {
  "chunks": [],
  "entryId": "",
  "modules": Map {
    "1" => WebpackModule {
      "ast": const add = require( /*! ./math */"./2.js").add;
exports.increment = function (val) {
  return add(val, 1);
};,
      "id": "1",
      "isEntry": false,
      "path": "./1.js",
    },
    "2" => WebpackModule {
      "ast": exports.add = function () {
  var sum = 0,
    i = 0,
    args = arguments,
    l = args.length;
  while (i < l) {
    sum += args[i++];
  }
  return sum;
};,
      "id": "2",
      "isEntry": false,
      "path": "./2.js",
    },
  },
  "type": "webpack",
}
